
]0;syyang@sol28:~/CISC3140[syyang@sol28 CISC3140]$ mkdir Repo_1
]0;syyang@sol28:~/CISC3140[syyang@sol28 CISC3140]$ cd Repo_1
]0;syyang@sol28:~/CISC3140/Repo_1[syyang@sol28 Repo_1]$ git init
Initialized empty Git repository in /users1/st/syyang/CISC3140/Repo_1/.git/
]0;syyang@sol28:~/CISC3140/Repo_1[syyang@sol28 Repo_1]$ vi HE[Kelloween.java
[?1049h[?1h=[2;1H▽[6n[2;1H  [1;1H[1;29r[?12;25h[?12l[?25h[27m[m[H[2J[?25l[29;1H"Helloween.java" [New File][>c[2;1H[34m~                                                                               [3;1H~                                                                               [4;1H~                                                                               [5;1H~                                                                               [6;1H~                                                                               [7;1H~                                                                               [8;1H~                                                                               [9;1H~                                                                               [10;1H~                                                                               [11;1H~                                                                               [12;1H~                                                                               [13;1H~                                                                               [14;1H~                                                                               [15;1H~                                                                               [16;1H~                                                                               [17;1H~                                                                               [18;1H~                                                                               [19;1H~                                                                               [20;1H~                                                                               [21;1H~                                                                               [22;1H~                                                                               [23;1H~                                                                               [24;1H~                                                                               [25;1H~                                                                               [26;1H~                                                                               [27;1H~                                                                               [28;1H~                                                                               [m[29;63H0,0-1[9CAll[1;1H[?12l[?25h[?25l[29;1H[33m-- INSERT --[m[29;13H[K[29;63H0,1[11CAll[1;1H[?12l[?25h[?25l[2;1H[K[29;63H2[2;1H[?12l[?25h[?25lp[29;65H2[2;2H[?12l[?25h[?25lu[29;65H3[2;3H[?12l[?25h[?25lb[29;65H4[2;4H[?12l[?25h[?25ll[29;65H5[2;5H[?12l[?25h[?25li[29;65H6[2;6H[?12l[?25h[?25l
[32mpublic[m[29;65H7[2;7H[?12l[?25h[?25l[29;65H8[2;8H[?12l[?25h[?25lc[29;65H9[2;9H[?12l[?25h[?25ll[29;65H10[2;10H[?12l[?25h[?25la[29;66H1[2;11H[?12l[?25h[?25ls[29;66H2[2;12H[?12l[?25h[?25l[32mclass[m[29;66H3[2;13H[?12l[?25h[?25l[29;66H4[2;14H[?12l[?25h[?25lH[29;66H5[2;15H[?12l[?25h[?25la[29;66H6[2;16H[?12l[?25h[?25ll[29;66H7[2;17H[?12l[?25h[?25ll[29;66H8[2;18H[?12l[?25h[?25lowe[29;65H21[2;21H[?12l[?25h[?25le[29;66H2[2;22H[?12l[?25h[?25ln[29;66H3[2;23H[?12l[?25h[?25l{[29;66H4[2;24H[?12l[?25h[?25l}[46m{}[m[29;66H5[2;25H[?12l[?25h[?25l[29;66H4[2;24H[?12l[?25h[?25l[46m [m
}[3;2H[K[2;24H[K[3;1H[46m}[m[29;63H3,1 [3;1H[?12l[?25h[?25l[46m [m
}[4;2H[K[3;1H[K[4;1H[46m}[m[29;63H4[4;1H[?12l[?25h[?25l[2;23H{

}[29;63H3[3;1H[?12l[?25h[?25l[29;65H2-9[3;9H[?12l[?25h[?25lp[29;65H3-10[3;10H[?12l[?25h[?25lu[29;65H4-11[3;11H[?12l[?25h[?25lb[29;65H5-12[3;12H[?12l[?25h[?25ll[29;65H6-13[3;13H[?12l[?25h[?25li[29;65H7-14[3;14H[?12l[?25h[?25l[32mpublic[m[29;65H9-16[3;16H[?12l[?25h[?25ls[29;65H10-17[3;17H[?12l[?25h[?25lt[29;66H1-18[3;18H[?12l[?25h[?25la[29;66H2-19[3;19H[?12l[?25h[?25lt[29;66H3-20[3;20H[?12l[?25h[?25li[29;66H4-21[3;21H[?12l[?25h[?25l[32mstatic[m[29;66H5-22[3;22H[?12l[?25h[?25l[29;66H6-23[3;23H[?12l[?25h[?25lv[29;66H7-24[3;24H[?12l[?25h[?25lo[29;66H8-25[3;25H[?12l[?25h[?25li[29;66H9-26[3;26H[?12l[?25h[?25l[32mvoid[m[29;65H20-27[3;27H[?12l[?25h[?25l[29;66H1-28[3;28H[?12l[?25h[?25lm[29;66H2-29[3;29H[?12l[?25h[?25la[29;66H3-30[3;30H[?12l[?25h[?25li[29;66H4-31[3;31H[?12l[?25h[?25ln[29;66H5-32[3;32H[?12l[?25h[?25l([29;66H6-33[3;33H[?12l[?25h[?25l)[46m()[m[29;66H7-34[3;34H[?12l[?25h[?25l[29;66H6-33[3;33H[?12l[?25h[?25l[46ma[m)a[46m)[m[29;66H7-34[3;34H[?12l[?25h[?25l)[46m )[m[3;34H[K[29;66H6-33[3;33H[?12l[?25h[?25l[46mA[m)A[46m)[m[29;66H7-34[3;34H[?12l[?25h[?25l)[46m )[m[3;34H[K[29;66H6-33[3;33H[?12l[?25h[?25l[46ms[m)s[46m)[m[29;66H7-34[3;34H[?12l[?25h[?25l)[46m )[m[3;34H[K[29;66H6-33[3;33H[?12l[?25h[?25l[46mS[m)S[46m)[m[29;66H7-34[3;34H[?12l[?25h[?25l[46mt[m)t[46m)[m[29;66H8-35[3;35H[?12l[?25h[?25l[46mr[m)r[46m)[m[29;66H9-36[3;36H[?12l[?25h[?25l[46mi[m)i[46m)[m[29;65H30-37[3;37H[?12l[?25h[?25l[46mn[m)n[46m)[m[29;66H1-38[3;38H[?12l[?25h[?25l[46mg[m)g[46m)[m[29;66H2-39[3;39H[?12l[?25h[?25l[3;32H(String)[29;66H1-38[3;38H[?12l[?25h[?25l[46m([mString[46m)[m[29;66H2-39[3;39H[?12l[?25h[?25l[46m [m) [46m)[m[29;66H3-40[3;40H[?12l[?25h[?25l[46ma[m)a[46m)[m[29;66H4-41[3;41H[?12l[?25h[?25l[46mr[m)r[46m)[m[29;66H5-42[3;42H[?12l[?25h[?25l[46mg[m)g[46m)[m[29;66H6-43[3;43H[?12l[?25h[?25l[46m[[m)[[46m)[m[29;66H7-44[3;44H[?12l[?25h[?25l[46m][m)][46m)[m[29;66H8-45[3;45H[?12l[?25h[?25l[29;66H9-46[3;46H[?12l[?25h[?25l{[3;32H([12C)[46m{
}[m[29;65H40-47[3;47H[?12l[?25h[?25l[4;28r[4;1H[L[1;29r[5;1H}[29;63H[K[29;63H4,1[11CAll[3;46H{
[?12l[?25h[?25l}[3;46H[46m{
}[m[29;65H2[4;2H[?12l[?25h[?25l[29;65H1[4;1H[?12l[?25h[?25l[3;46H{
}[29;63H3[3;1H[?12l[?25h[?25l[45C[46m{
}[m[29;63H4[4;1H[?12l[?25h[?25l[3;46H{
}[29;63H3[3;1H[?12l[?25h[?25l[29;65H2-9[3;9H[?12l[?25h[?25l[29;65H3-10[3;10H[?12l[?25h[?25l[29;65H4-11[3;11H[?12l[?25h[?25l[29;65H5-12[3;12H[?12l[?25h[?25l[29;65H6-13[3;13H[?12l[?25h[?25l[29;65H7-14[3;14H[?12l[?25h[?25l[29;65H8-15[3;15H[?12l[?25h[?25l[29;65H9-16[3;16H[?12l[?25h[?25l[29;65H10-17[3;17H[?12l[?25h[?25l[29;66H1-18[3;18H[?12l[?25h[?25l[29;66H2-19[3;19H[?12l[?25h[?25l[29;66H3-20[3;20H[?12l[?25h[?25l[29;66H4-21[3;21H[?12l[?25h[?25l[29;66H5-22[3;22H[?12l[?25h[?25l[29;66H6-23[3;23H[?12l[?25h[?25l[29;66H7-24[3;24H[?12l[?25h[?25l[29;66H8-25[3;25H[?12l[?25h[?25l[29;66H9-26[3;26H[?12l[?25h[?25l[29;65H20-27[3;27H[?12l[?25h[?25l[29;66H1-28[3;28H[?12l[?25h[?25l[29;66H2-29[3;29H[?12l[?25h[?25l[29;66H3-30[3;30H[?12l[?25h[?25l[29;66H4-31[3;31H[?12l[?25h[?25ln[46m([12C)[m[29;66H5-32[3;32H[?12l[?25h[?25l[29;66H6-33[3;33H[?12l[?25h[?25l([12C)[29;66H7-34[3;34H[?12l[?25h[?25l[29;66H8-35[3;35H[?12l[?25h[?25l[29;66H9-36[3;36H[?12l[?25h[?25l[29;65H30-37[3;37H[?12l[?25h[?25l[29;66H1-38[3;38H[?12l[?25h[?25l[29;66H2-39[3;39H[?12l[?25h[?25l[29;66H3-40[3;40H[?12l[?25h[?25l[29;66H4-41[3;41H[?12l[?25h[?25l[29;66H5-42[3;42H[?12l[?25h[?25lg[46m[][m[29;66H6-43[3;43H[?12l[?25h[?25l[29;66H7-44[3;44H[?12l[?25h[?25l[3;32H[46m([m[10C[][46m)[m[29;66H8-45[3;45H[?12l[?25h[?25l[3;32H([12C)[46m{
}[m[29;66H9-46[3;46H[?12l[?25h[?25l[29;65H40-47[3;47H[?12l[?25h[?25l[4;28r[4;1H[L[1;29r[5;1H}[29;63H[K[29;63H4,1[11CAll[3;46H{
[?12l[?25h[?25l[29;65H2-9[4;9H[?12l[?25h[?25l[29;65H3-17[4;17H[?12l[?25h[?25ls[29;65H4-18[4;18H[?12l[?25h[?25l[4;17H[K[29;65H3-17[4;17H[?12l[?25h[?25lSy[29;65H5-19[4;19H[?12l[?25h[?25ls[29;65H6-20[4;20H[?12l[?25h[?25lt[29;65H7-21[4;21H[?12l[?25h[?25le[29;65H8-22[4;22H[?12l[?25h[?25lm[29;65H9-23[4;23H[?12l[?25h[?25l.[29;65H10-24[4;24H[?12l[?25h[?25lo[29;66H1-25[4;25H[?12l[?25h[?25lu[29;66H2-26[4;26H[?12l[?25h[?25lt[29;66H3-27[4;27H[?12l[?25h[?25l.[29;66H4-28[4;28H[?12l[?25h[?25lp[29;66H5-29[4;29H[?12l[?25h[?25lr[29;66H6-30[4;30H[?12l[?25h[?25li[29;66H7-31[4;31H[?12l[?25h[?25ln[29;66H8-32[4;32H[?12l[?25h[?25lt[29;66H9-33[4;33H[?12l[?25h[?25ll[29;65H20-34[4;34H[?12l[?25h[?25ln[29;66H1-35[4;35H[?12l[?25h[?25l([29;66H2-36[4;36H[?12l[?25h[?25l)[46m()[m[29;66H3-37[4;37H[?12l[?25h[?25l[29;66H2-36[4;36H[?12l[?25h[?25l[33m[46m"[m[33m)"[m[33m[46m)[m[29;66H3-37[4;37H[?12l[?25h[?25l[33m[46m"[m)[33m"[m[46m)[m[29;66H4-38[4;38H[?12l[?25h[?25l([2C)[29;66H3-37[4;37H[?12l[?25h[?25l[33mT"[m)[29;66H4-38[4;38H[?12l[?25h[?25l[33mr"[m)[29;66H5-39[4;39H[?12l[?25h[?25l[33mi"[m)[29;66H6-40[4;40H[?12l[?25h[?25l[33mck"[m)[29;66H8-42[4;42H[?12l[?25h[?25l[33m "[m)[29;66H9-43[4;43H[?12l[?25h[?25l[33m-"[m)[29;65H30-44[4;44H[?12l[?25h[?25l[33m "[m)[29;66H1-45[4;45H[?12l[?25h[?25l[33mo"[m)[29;66H2-46[4;46H[?12l[?25h[?25l[33mr"[m)[29;66H3-47[4;47H[?12l[?25h[?25l[33m "[m)[29;66H4-48[4;48H[?12l[?25h[?25l[33m-"[m)[29;66H5-49[4;49H[?12l[?25h[?25l[33m "[m)[29;66H6-50[4;50H[?12l[?25h[?25l[33mT"[m)[29;66H7-51[4;51H[?12l[?25h[?25l[33mr"[m)[29;66H8-52[4;52H[?12l[?25h[?25l[33me"[m)[29;66H9-53[4;53H[?12l[?25h[?25l[33ma"[m)[29;65H40-54[4;54H[?12l[?25h[?25l[33mt"[m)[29;66H1-55[4;55H[?12l[?25h[?25l[33m?"[m)[29;66H2-56[4;56H[?12l[?25h[?25l[4;35H[46m([21C)[m[29;66H3-57[4;57H[?12l[?25h[?25l[46m;[m);[46m)[m[29;66H4-58[4;58H[?12l[?25h[?25l)[46m )[m[4;58H[K[29;66H3-57[4;57H[?12l[?25h[?25l[29;66H4-58[4;58H[?12l[?25h[?25l;[4;35H([21C)[29;66H5-59[4;59H[?12l[?25h[29;1H[K[4;58H[?25l[29;63H4,44-58[7CAll[4;58H[?12l[?25h[?25l[29;63H[K[29;1H:[?12l[?25hw[?25l[?12l[?25h
[?25l"Helloween.java" [New] 6L, 114C written[23C4,44-58[7CAll[29;63H[K[29;63H4,44-58[7CAll[4;58H[?12l[?25h[?25l[29;1H[K[29;1H:[?12l[?25hx[?25l[?12l[?25h
[?25l[29;1H[K[29;1H[?1l>[?12l[?25h[?1049l
]0;syyang@sol28:~/CISC3140/Repo_1[syyang@sol28 Repo_1]$ git add --all
]0;syyang@sol28:~/CISC3140/Repo_1[syyang@sol28 Repo_1]$ git commit
[?1049h[?1h=[1;29r[?12;25h[?12l[?25h[27m[m[H[2J[?25l[29;1H".git/COMMIT_EDITMSG" 12L, 285C[2;1H# Please enter the commit message for your changes. Lines starting
# with '#' will be ignored, and an empty message aborts the commit.
# On branch master
#
# Initial commit
#
# Changes to be committed:
#   (use "git rm --cached <file>..." to unstage)
#
#[7Cnew file:   Helloween.java
#
[34m~                                                                               [14;1H~                                                                               [15;1H~                                                                               [16;1H~                                                                               [17;1H~                                                                               [18;1H~                                                                               [19;1H~                                                                               [20;1H~                                                                               [21;1H~                                                                               [22;1H~                                                                               [23;1H~                                                                               [24;1H~                                                                               [25;1H~                                                                               [26;1H~                                                                               [27;1H~                                                                               [28;1H~                                                                               [1;1H[?12l[?25h










[?25l[m[29;1H[33m-- INSERT --[m[29;13H[K[12;1H[?12l[?25h#[?25l[13;1H[K[13;1H[?12l[?25h[?25l[14;1H[K[14;1H[?12l[?25h[?25lt[?12l[?25h[?25le[?12l[?25h[?25ls[?12l[?25h[?25lt[?12l[?25h[?25l [?12l[?25h[?25lt[?12l[?25h[?25le[?12l[?25h[?25ls[?12l[?25h[?25lt[?12l[?25h[29;1H[K[14;9H[?25l[?12l[?25h[?25l[29;1H:[?12l[?25hw
[?25l".git/COMMIT_EDITMSG" 14L, 296C written[14;9H[?12l[?25h[?25l[29;1H[K[29;1H:[?12l[?25hx
[?25l[29;1H[K[29;1H[?1l>[?12l[?25h[?1049l[master (root-commit) 680a3a2] test test
 1 file changed, 6 insertions(+)
 create mode 100644 Helloween.java
]0;syyang@sol28:~/CISC3140/Repo_1[syyang@sol28 Repo_1]$ git remote add origin git@github.com:hn84909103/CISC3140L 
ab6.git
]0;syyang@sol28:~/CISC3140/Repo_1[syyang@sol28 Repo_1]$ git branch -M main
]0;syyang@sol28:~/CISC3140/Repo_1[syyang@sol28 Repo_1]$ git remote -v
origin	git@github.com:hn84909103/CISC3140Lab6.git (fetch)
origin	git@github.com:hn84909103/CISC3140Lab6.git (push)
[syyang@sol28 Repo_1]$ git remote set-url origin https://github.com/hn84909103/CISC3140Lab6.git
[syyang@sol28 Repo_1]$ git remote -v
origin  https://github.com/hn84909103/CISC3140Lab6.git (fetch)
origin  https://github.com/hn84909103/CISC3140Lab6.git (push)
[syyang@sol28 Repo_1]$ git add --all
[syyang@sol28 Repo_1]$ echo "# CISC3140Lab6" >> README.md
[syyang@sol28 Repo_1]$ git init
Reinitialized existing Git repository in /users1/st/syyang/CISC3140/Repo_1/.git/
[syyang@sol28 Repo_1]$ git commit -m "first commit"
# On branch main
# Untracked files:
#   (use "git add <file>..." to include in what will be committed)
#
#       README.md
nothing added to commit but untracked files present (use "git add" to track)

[syyang@sol28 Repo_1]$ git push -u origin main
Username for 'https://github.com': hn84909103
Password for 'https://hn84909103@github.com':
Counting objects: 3, done.
Delta compression using up to 8 threads.
Compressing objects: 100% (2/2), done.
Writing objects: 100% (3/3), 319 bytes | 0 bytes/s, done.
Total 3 (delta 0), reused 0 (delta 0)
To https://github.com/hn84909103/CISC3140Lab6.git
 * [new branch]      main -> main
Branch main set up to track remote branch main from origin.
[syyang@sol28 Repo_1]$ vi Helloween.java
[syyang@sol28 Repo_1]$ git init
Reinitialized existing Git repository in /users1/st/syyang/CISC3140/Repo_1/.git/
[syyang@sol28 Repo_1]$ git add --all
[syyang@sol28 Repo_1]$ git commit -m"Add a second print out"
[main a87d605] Add a second print out
 2 files changed, 2 insertions(+)
 create mode 100644 README.md
[syyang@sol28 Repo_1]$ git branch -M main
[syyang@sol28 Repo_1]$ git push -u origin main
Username for 'https://github.com': hn84909103
Password for 'https://hn84909103@github.com':
Counting objects: 6, done.
Delta compression using up to 8 threads.
Compressing objects: 100% (3/3), done.
Writing objects: 100% (4/4), 375 bytes | 0 bytes/s, done.
Total 4 (delta 1), reused 0 (delta 0)
remote: Resolving deltas: 100% (1/1), completed with 1 local object.
To https://github.com/hn84909103/CISC3140Lab6.git
   680a3a2..a87d605  main -> main
Branch main set up to track remote branch main from origin.
[syyang@sol28 Repo_1]$
